NOISE ANALYSIS RECAP
Generated: 2026-06-12 11:53:30
Label: CHB acq 4
Quantity: Voltage [V]

Samples: 22578
Mean [V]: -0.2116584151
Signal RMS [Vrms]: 0.2118720288
Noise RMS / std [Vrms]: 0.009511673856
Measured data step [V]: 0.006455
Quantization LSB used [V]: 0.006455
Full-scale range [V]: 423.03488
Full-scale range as pm half-range [V]: pm211.51 V
Ideal 16-bit quantization noise [Vrms]: 0.001863397994
Reference ENOB: 14.2
Reference noise RMS [Vrms]: 0.006488728693
Estimated ENOB from noise: 13.6482366
ENOB delta vs reference: -0.5517634025
Effective resolution from estimated ENOB [V]: 0.03294940477
Effective resolution from reference ENOB [V]: 0.02247761554
Noise / reference noise: 1.465876338
Levels: 12
Min [V]: -0.24529
Max [V]: -0.174285
Peak-to-peak [V]: 0.071005
