NOISE ANALYSIS RECAP
Generated: 2026-06-11 21:27:57
Label: CHB acq 1
Quantity: Voltage [V]

Samples: 232656
Mean [V]: -0.186035849
Signal RMS [Vrms]: 0.1863353902
Noise RMS / std [Vrms]: 0.0105612764
Measured data step [V]: 0.006455
Quantization LSB used [V]: 0.006455
Full-scale range [V]: 423.03488
Full-scale range as pm half-range [V]: pm211.51 V
Ideal 16-bit quantization noise [Vrms]: 0.001863397994
Reference ENOB: 14.2
Reference noise RMS [Vrms]: 0.006488728693
Estimated ENOB from noise: 13.49722355
ENOB delta vs reference: -0.7027764544
Effective resolution from estimated ENOB [V]: 0.03658533464
Effective resolution from reference ENOB [V]: 0.02247761554
Noise / reference noise: 1.627634149
Levels: 16
Min [V]: -0.23238
Max [V]: -0.135555
Peak-to-peak [V]: 0.096825
