NOISE ANALYSIS RECAP
Generated: 2026-06-11 21:28:33
Label: CHB acq 4
Quantity: Voltage [V]

Samples: 29081
Mean [V]: -0.1861297841
Signal RMS [Vrms]: 0.1862357107
Noise RMS / std [Vrms]: 0.006280399513
Measured data step [V]: 0.006455
Quantization LSB used [V]: 0.006455
Full-scale range [V]: 423.03488
Full-scale range as pm half-range [V]: pm211.51 V
Ideal 16-bit quantization noise [Vrms]: 0.001863397994
Reference ENOB: 14.2
Reference noise RMS [Vrms]: 0.006488728693
Estimated ENOB from noise: 14.24707951
ENOB delta vs reference: 0.04707950949
Effective resolution from estimated ENOB [V]: 0.0217559421
Effective resolution from reference ENOB [V]: 0.02247761554
Noise / reference noise: 0.9678936831
Levels: 7
Min [V]: -0.20656
Max [V]: -0.16783
Peak-to-peak [V]: 0.03873
