NOISE ANALYSIS RECAP
Generated: 2026-06-12 11:54:30
Label: CHB acq 6
Quantity: Voltage [V]

Samples: 11288
Mean [V]: -0.2118821727
Signal RMS [Vrms]: 0.212018915
Noise RMS / std [Vrms]: 0.007613490215
Measured data step [V]: 0.006455
Quantization LSB used [V]: 0.006455
Full-scale range [V]: 423.03488
Full-scale range as pm half-range [V]: pm211.51 V
Ideal 16-bit quantization noise [Vrms]: 0.001863397994
Reference ENOB: 14.2
Reference noise RMS [Vrms]: 0.006488728693
Estimated ENOB from noise: 13.96937787
ENOB delta vs reference: -0.2306221278
Effective resolution from estimated ENOB [V]: 0.02637390375
Effective resolution from reference ENOB [V]: 0.02247761554
Noise / reference noise: 1.173340815
Levels: 9
Min [V]: -0.238835
Max [V]: -0.187195
Peak-to-peak [V]: 0.05164
