NOISE ANALYSIS RECAP
Generated: 2026-06-11 21:28:22
Label: CHB acq 3
Quantity: Voltage [V]

Samples: 58163
Mean [V]: -0.18639194
Signal RMS [Vrms]: 0.1865240221
Noise RMS / std [Vrms]: 0.007018227514
Measured data step [V]: 0.006455
Quantization LSB used [V]: 0.006455
Full-scale range [V]: 423.03488
Full-scale range as pm half-range [V]: pm211.51 V
Ideal 16-bit quantization noise [Vrms]: 0.001863397994
Reference ENOB: 14.2
Reference noise RMS [Vrms]: 0.006488728693
Estimated ENOB from noise: 14.08682913
ENOB delta vs reference: -0.113170872
Effective resolution from estimated ENOB [V]: 0.02431185327
Effective resolution from reference ENOB [V]: 0.02247761554
Noise / reference noise: 1.08160286
Levels: 9
Min [V]: -0.213015
Max [V]: -0.161375
Peak-to-peak [V]: 0.05164
