NOISE ANALYSIS RECAP
Generated: 2026-06-11 21:29:44
Label: CHB acq 4
Quantity: Voltage [V]

Samples: 29081
Mean [V]: 7.334782779e-07
Signal RMS [Vrms]: 7.904725407e-07
Noise RMS / std [Vrms]: 2.947141893e-07
Measured data step [V]: 3.986e-07
Quantization LSB used [V]: 3.986e-07
Full-scale range [V]: 0.0261226496
Full-scale range as pm half-range [V]: pm0.01 V
Ideal 16-bit quantization noise [Vrms]: 1.150659086e-07
Reference ENOB: 14.2
Reference noise RMS [Vrms]: 4.006827664e-07
Estimated ENOB from noise: 14.64314394
ENOB delta vs reference: 0.4431439376
Effective resolution from estimated ENOB [V]: 1.020919899e-06
Effective resolution from reference ENOB [V]: 1.388005818e-06
Noise / reference noise: 0.7355299855
Levels: 5
Min [V]: 0
Max [V]: 1.5944e-06
Peak-to-peak [V]: 1.5944e-06
