NOISE ANALYSIS RECAP
Generated: 2026-06-11 21:29:35
Label: CHB acq 3
Quantity: Voltage [V]

Samples: 58163
Mean [V]: 7.325541977e-07
Signal RMS [Vrms]: 8.076865987e-07
Noise RMS / std [Vrms]: 3.401793485e-07
Measured data step [V]: 3.986e-07
Quantization LSB used [V]: 3.986e-07
Full-scale range [V]: 0.0261226496
Full-scale range as pm half-range [V]: pm0.01 V
Ideal 16-bit quantization noise [Vrms]: 1.150659086e-07
Reference ENOB: 14.2
Reference noise RMS [Vrms]: 4.006827664e-07
Estimated ENOB from noise: 14.4361649
ENOB delta vs reference: 0.2361648989
Effective resolution from estimated ENOB [V]: 1.178415831e-06
Effective resolution from reference ENOB [V]: 1.388005818e-06
Noise / reference noise: 0.848999201
Levels: 7
Min [V]: -3.986e-07
Max [V]: 1.993e-06
Peak-to-peak [V]: 2.3916e-06
