NOISE ANALYSIS RECAP
Generated: 2026-06-11 21:28:13
Label: CHA acq 2
Quantity: Voltage [V]

Samples: 116328
Mean [V]: -0.1746340854
Signal RMS [Vrms]: 0.1748241164
Noise RMS / std [Vrms]: 0.008149104719
Measured data step [V]: 0.006455
Quantization LSB used [V]: 0.006455
Full-scale range [V]: 423.03488
Full-scale range as pm half-range [V]: pm211.51 V
Ideal 16-bit quantization noise [Vrms]: 0.001863397994
Reference ENOB: 14.2
Reference noise RMS [Vrms]: 0.006488728693
Estimated ENOB from noise: 13.87129428
ENOB delta vs reference: -0.3287057248
Effective resolution from estimated ENOB [V]: 0.02822932682
Effective resolution from reference ENOB [V]: 0.02247761554
Noise / reference noise: 1.255886184
Levels: 12
Min [V]: -0.20656
Max [V]: -0.135555
Peak-to-peak [V]: 0.071005
